Failure in python_color.py:

  The CHECK on line 4 wants:
    banana

  which failed to match line stdout:1:
    \x1b[33mFOO

  Context:
    \x1b[33mFOO <= does not match 'banana'

  when running command:
    /usr/bin/python python_color.py
